---
source: src/tests/run_suites.rs
---
Err(
    Not1CStatement,
)
