---
source: src/tests/run_suites.rs
---
Ok(
    Statement {
        encoding: Utf8,
        header: {
            "ВерсияФормата": "1.02",
            "Кодировка": "Windows",
            "Отправитель": "Tinkoff",
            "Получатель": "Иванов Иван Иванович",
            "ДатаСоздания": "16.04.2024",
            "ВремяСоздания": "15:36:40",
            "ДатаНачала": "01.04.2024",
            "ДатаКонца": "16.04.2024",
            "РасчСчет": "40802000000000000007",
        },
        accounts: {
            "40802000000000000007": Account {
                number: "40802000000000000007",
                intervals: [
                    Interval {
                        date_start: 2024-04-01,
                        date_end: Some(
                            2024-04-16,
                        ),
                        total_income: Some(
                            67770,
                        ),
                        total_expense: Some(
                            0,
                        ),
                        start_amount: 0,
                        end_amount: Some(
                            67770,
                        ),
                    },
                ],
            },
        },
        documents: [
            Document {
                doc_number: "481554",
                doc_type: "Банковский ордер",
                payment_type: Some(
                    "17",
                ),
                doc_date: 2024-04-13,
                purpose: "Оплата по договору",
                ordering: Some(
                    "5",
                ),
                amount: 1000,
                counterparty_inn: "7700000001",
                counterparty_kpp: None,
                counterparty_bic: "044525593",
                counterparty_bank1: "АО \"АЛЬФА-БАНК\"",
                counterparty_account: "30233000000000000004",
                counterparty: Some(
                    "Петров Петр Петрович",
                ),
                counterparty_1: Some(
                    "Петров Петр Петрович",
                ),
                outcome_date: Some(
                    2024-04-13,
                ),
                counterparty_ras_account: Some(
                    "30233000000000000004",
                ),
                counterparty_cor_account: Some(
                    "30101000000000000005",
                ),
                payee_inn: "260000000002",
                payee: Some(
                    "Сидоров Сидор Сидорович",
                ),
                payee_account: "40802000000000000007",
                payee_kpp: Some(
                    "",
                ),
                payee_bic: "044525974",
                payee_bank1: "АО \"ТИНЬКОФФ БАНК\"",
                payee_ras_account: Some(
                    "40802000000000000007",
                ),
                payee_cor_account: Some(
                    "30101000000000000008",
                ),
                income_date: None,
            },
        ],
        warnings: [],
    },
)
