---
source: src/tests/run_suites.rs
---
Err(
    Unfinished,
)
