---
source: src/tests/run_suites.rs
---
Err(
    Syntax(
        ParserError {
            lineno: 11,
            kind: UnrecognizedLine {
                line: "��������������",
            },
        },
    ),
)
