---
source: src/tests/run_suites.rs
---
Ok(
    Statement {
        encoding: Cp1251,
        header: {
            "ВерсияФормата": "1.03",
            "Кодировка": "Windows",
            "Отправитель": "ООО \"ОЗОН БАНК\"",
            "Получатель": "Иванов Иван Иванович",
            "ДатаСоздания": "11.06.2024",
            "ВремяСоздания": "15:36:40",
            "ДатаНачала": "01.05.2024",
            "ДатаКонца": "11.06.2024",
            "РасчСчет": "40802000000000000002",
        },
        accounts: {
            "40802000000000000002": Account {
                number: "40802000000000000002",
                intervals: [
                    Interval {
                        date_start: 2024-05-01,
                        date_end: Some(
                            2024-06-11,
                        ),
                        total_income: Some(
                            217546.11,
                        ),
                        total_expense: Some(
                            0.00,
                        ),
                        start_amount: 0.00,
                        end_amount: Some(
                            217546.11,
                        ),
                    },
                ],
            },
        },
        documents: [],
        warnings: [],
    },
)
