---
source: src/tests/run_suites.rs
---
Err(
    Syntax {
        lineno: 20,
        text: "Неожиданная секция 'СекцияДокумент=Банковский ордер' на этапе разбора счёта",
    },
)
